
Linker Version 8.7.7.211123
Input Object File: C:\Users\Balaji\Documents\HTK_Project\ENT_600\ENT_600.OBJ
Input Object File: C:\Users\Balaji\Documents\HTK_Project\ENT_600\STARTUP1.OBJ
Input Object File: C:\Users\Balaji\Documents\HTK_Project\ENT_600\ADC.OBJ

Input Library File: C:\Program Files\Holtek MCU Development Tools\HT-IDE3000V8.x\LIB\LIBHOLTEKGCC.LIB
Input Library File: C:\Program Files\Holtek MCU Development Tools\HT-IDE3000V8.x\LIB\v3_srsc.lib


     Start     End      Length     Class    AvgIns    Name
     0000h     0000h    0001h      CODE               @code (C:\Users\Balaji\Documents\HTK_Project\ENT_600\ENT_600.OBJ)
     0001h     000fh    000fh      CODE               @start (C:\Users\Balaji\Documents\HTK_Project\ENT_600\ENT_600.OBJ)
     0010h     0038h    0029h      CODE               @ROMDATA_BASE (C:\Users\Balaji\Documents\HTK_Project\ENT_600\STARTUP1.OBJ)
     0039h     0084h    004ch      CODE               _looupIndex (C:\Users\Balaji\Documents\HTK_Project\ENT_600\ENT_600.OBJ)
     0085h     00bbh    0037h      CODE               _setState (C:\Users\Balaji\Documents\HTK_Project\ENT_600\ENT_600.OBJ)
     00bch     00e7h    002ch      CODE               _readVoltage (C:\Users\Balaji\Documents\HTK_Project\ENT_600\ENT_600.OBJ)
     00e8h     00f4h    000dh      CODE               _initIO (C:\Users\Balaji\Documents\HTK_Project\ENT_600\ENT_600.OBJ)
     00f5h     013ch    0048h      CODE               _main (C:\Users\Balaji\Documents\HTK_Project\ENT_600\ENT_600.OBJ)
     013dh     013fh    0003h      CODE               _startConversion (C:\Users\Balaji\Documents\HTK_Project\ENT_600\ADC.OBJ)
     0140h     0141h    0002h      CODE               _disableADC (C:\Users\Balaji\Documents\HTK_Project\ENT_600\ADC.OBJ)
     0142h     014dh    000ch      CODE               _setADCChannel (C:\Users\Balaji\Documents\HTK_Project\ENT_600\ADC.OBJ)
     014eh     0157h    000ah      CODE               _initADC (C:\Users\Balaji\Documents\HTK_Project\ENT_600\ADC.OBJ)
     0158h     0186h    002fh      CODE               _readADC (C:\Users\Balaji\Documents\HTK_Project\ENT_600\ADC.OBJ)
     0187h     0190h    000ah      CODE               __DELAYX (C:\Program Files\Holtek MCU Development Tools\HT-IDE3000V8.x\LIB\LIBHOLTEKGCC.LIB)
     0191h     019eh    000eh      CODE               _builtin_holtek_delay_isr00 (C:\Program Files\Holtek MCU Development Tools\HT-IDE3000V8.x\LIB\LIBHOLTEKGCC.LIB)
     019fh     01a1h    0003h      CODE               _CROM2PROM (CROM2PROM)
     0040h     0067h    0028h      DATA     0         @HCCINIT (C:\Users\Balaji\Documents\HTK_Project\ENT_600\STARTUP1.OBJ)
     0068h     0068h    0001h      DATA     38        @data_ra (C:\Program Files\Holtek MCU Development Tools\HT-IDE3000V8.x\LIB\LIBHOLTEKGCC.LIB)
     0069h     0069h    0001h      DATA     31        @data_rb (C:\Program Files\Holtek MCU Development Tools\HT-IDE3000V8.x\LIB\LIBHOLTEKGCC.LIB)
     006ah     006ah    0001h      DATA     24        @data_rc (C:\Program Files\Holtek MCU Development Tools\HT-IDE3000V8.x\LIB\LIBHOLTEKGCC.LIB)
     006bh     006bh    0001h      DATA     23        @data_rd (C:\Program Files\Holtek MCU Development Tools\HT-IDE3000V8.x\LIB\LIBHOLTEKGCC.LIB)
     006ch     006ch    0001h      DATA     19        @data_re (C:\Program Files\Holtek MCU Development Tools\HT-IDE3000V8.x\LIB\LIBHOLTEKGCC.LIB)
     006dh     006dh    0001h      DATA     2         @data_rf (C:\Program Files\Holtek MCU Development Tools\HT-IDE3000V8.x\LIB\LIBHOLTEKGCC.LIB)

     Local Sections

     Start     End      Length     Class    AvgIns    Name
     0074h     0074h    0000h      LOCAL    0         @dummy (C:\Users\Balaji\Documents\HTK_Project\ENT_600\ENT_600.OBJ)
     0072h     0073h    0002h      LOCAL    6         _main (C:\Users\Balaji\Documents\HTK_Project\ENT_600\ENT_600.OBJ)
     0070h     0070h    0000h      LOCAL    0         _initIO (C:\Users\Balaji\Documents\HTK_Project\ENT_600\ENT_600.OBJ)
     006eh     006fh    0002h      LOCAL    8.5       _setState (C:\Users\Balaji\Documents\HTK_Project\ENT_600\ENT_600.OBJ)
     006eh     006eh    0000h      LOCAL    0         _initADC (C:\Users\Balaji\Documents\HTK_Project\ENT_600\ADC.OBJ)
     006eh     006eh    0000h      LOCAL    0         _disableADC (C:\Users\Balaji\Documents\HTK_Project\ENT_600\ADC.OBJ)
     006eh     006eh    0001h      LOCAL    2         _builtin_holtek_delay_isr00 (C:\Program Files\Holtek MCU Development Tools\HT-IDE3000V8.x\LIB\LIBHOLTEKGCC.LIB)
     006eh     006eh    0000h      LOCAL    0         __DELAYX (C:\Program Files\Holtek MCU Development Tools\HT-IDE3000V8.x\LIB\LIBHOLTEKGCC.LIB)
     0072h     0072h    0000h      LOCAL    0         _readVoltage (C:\Users\Balaji\Documents\HTK_Project\ENT_600\ENT_600.OBJ)
     006fh     0071h    0003h      LOCAL    2.3333    _readADC (C:\Users\Balaji\Documents\HTK_Project\ENT_600\ADC.OBJ)
     006eh     006eh    0001h      LOCAL    2         _setADCChannel (C:\Users\Balaji\Documents\HTK_Project\ENT_600\ADC.OBJ)
     006eh     006eh    0000h      LOCAL    0         _startConversion (C:\Users\Balaji\Documents\HTK_Project\ENT_600\ADC.OBJ)
     006eh     006fh    0002h      LOCAL    3         _looupIndex (C:\Users\Balaji\Documents\HTK_Project\ENT_600\ENT_600.OBJ)
     006eh     006eh    0000h      LOCAL    0         _Crom2Prom (CROM2PROM)

     Public Symbols Information
     Address            Public by Name
     01a0h              _Crom2Prom
     019fh              _Crom2PromNext
     018dh              __DELAYX0
     018ch              __DELAYX1
     018bh              __DELAYX2
     018ah              __DELAYX3
     0189h              __DELAYX4
     0188h              __DELAYX5
     0187h              __DELAYX6
     0196h              __DELAYY0_isr00
     0195h              __DELAYY1_isr00
     0194h              __DELAYY2_isr00
     0193h              __DELAYY3_isr00
     0192h              __DELAYY4_isr00
     0191h              __DELAYY5_isr00
     0140h              _disableADC
     014eh              _initADC
     00e8h              _initIO
     0040h              _lookupTable
     0039h              _looupIndex
     006eh              _looupIndex_2
     00f5h              _main
     0001h              _main_startup
     0158h              _readADC
     00bch              _readVoltage
     0142h              _setADCChannel
     0085h              _setState
     013dh              _startConversion
     0068h              ra
     0069h              rb
     006ah              rc
     006bh              rd
     006ch              re
     006dh              rf

     Address            Public by Value
     0001h              _main_startup
     0039h              _looupIndex
     0040h              _lookupTable
     0068h              ra
     0069h              rb
     006ah              rc
     006bh              rd
     006ch              re
     006dh              rf
     006eh              _looupIndex_2
     0085h              _setState
     00bch              _readVoltage
     00e8h              _initIO
     00f5h              _main
     013dh              _startConversion
     0140h              _disableADC
     0142h              _setADCChannel
     014eh              _initADC
     0158h              _readADC
     0187h              __DELAYX6
     0188h              __DELAYX5
     0189h              __DELAYX4
     018ah              __DELAYX3
     018bh              __DELAYX2
     018ch              __DELAYX1
     018dh              __DELAYX0
     0191h              __DELAYY5_isr00
     0192h              __DELAYY4_isr00
     0193h              __DELAYY3_isr00
     0194h              __DELAYY2_isr00
     0195h              __DELAYY1_isr00
     0196h              __DELAYY0_isr00
     019fh              _Crom2PromNext
     01a0h              _Crom2Prom

Warning(L3015) : The number of '_main' CMG layers exceeds stack level

ROM Usage Statistics
     Size      Used     Percentage
     0400h     01a2h    40%

RAM Usage Statistics
     Size      Used     Percentage
     0040h     0034h    81%

Use Stack Count
_main: 3

Call Tree
    @dummy
        _main (0)
            _initIO (1)
                _setState (2)
            _initADC (1)
                _disableADC (2)
            _builtin_holtek_delay_isr00 (1)
            __DELAYX (1)
            _readVoltage (1)
                _readADC (2)
                    _setADCChannel (3)
                    _startConversion (3)
                    _disableADC (3)
            _looupIndex (1)
                _Crom2Prom (2)
                _Crom2Prom (2)
            _Crom2Prom (1)
            _setState (1)

HLINK: Program entry point at section '@code' (address 0) of file 'C:\Users\Balaji\Documents\HTK_Project\ENT_600\ENT_600.OBJ'

Total 0 error(s), Total 1 Warning(s)
